// Jest Snapshot v1, https://goo.gl/fbAQLP

exports[`<Counter /> matches the snapshot 1`] = `
<div>
  <p>
    0
  </p>
  <button
    className="increment"
    name="increment"
    onClick={[Function]}
    type="button"
  >
    +++
  </button>
  <button
    className="decrement"
    name="decrement"
    onClick={[Function]}
    type="button"
  >
    ---
  </button>
</div>
`;
